Unity Editor version:    2022.3.62f3 (96770f904ca7)
Branch:                  2022.3/respin/2022.3.62f2-4af31df585-v2
Build type:              Release
Batch mode:              YES
System name:             Linux
Distro version:          #1 SMP PREEMPT_DYNAMIC Fri Sep  4 07:31:16 UTC 2026
Kernel version:          7.0.0-38-generic
Architecture:            x86_64
Available memory:        7935 MB
[Licensing::Module] Trying to connect to existing licensing client channel...
[Licensing::IpcConnector] Channel LicenseClient-root doesn't exist
[Licensing::Module] Successfully launched the LicensingClient (PId: 6240)
[Licensing::IpcConnector] Successfully connected to: "LicenseClient-root" at "2026-09-21T03:32:01.494406Z"
[SignatureVerifier] Application signature verification not supported on this platform.
[Licensing::Client] Handshaking with LicensingClient:
  Version:                 1.16.2+bdef8f5
  Session Id:              e796fde9723440bab4ed30ac86a0e7c1
  Correlation Id:          8ff315c0cfe8d7437b38088f456997bf
  External correlation Id: 1783955797072918782
  Machine Id:              fe5f7XZ/1CQzW/AhDon7PebSsfU=
[Licensing::Module] Successfully connected to LicensingClient on channel: "LicenseClient-root" (connect: 2.94s, validation: 0.30s, handshake: 0.00s)
[Licensing::IpcConnector] Successfully connected to: "LicenseClient-root-notifications" at "2026-09-21T03:32:01.794801Z"
[Licensing::Module] Connected to LicensingClient (PId: 6240, launch time: 0.01, total connection time: 3.24s)
[Licensing::Module] Error: Access token is unavailable; failed to update
[Licensing::Client] Error: Code 500 while processing request (status: Unable to update licenses. Errors: No ULF license found.,Token not found in cache)
[Licensing::Client] Error: Code 500 while updating license in client (status: Unable to update licenses. Errors: No ULF license found.,Token not found in cache)
[Licensing::Client] Successfully resolved entitlement details
[Licensing::Module] Serial number assigned to: "2476052131094-UnityPersXXXX"
Pro License: NO
Initialize udev device monitor.
[Licensing::Client] Successfully resolved entitlement details

COMMAND LINE ARGUMENTS:
/home/hatch/workspace/unity-setup/Unity-2022.3.62f3/Editor/Unity
-batchmode
-nographics
-projectPath
/home/hatch/workspace/cod-mobile
-executeMethod
BuildSocialClub.BuildWebGL
-quit
-logFile
/home/hatch/workspace/cod-mobile/socialclub-webgl6.log
Successfully changed project path to: /home/hatch/workspace/cod-mobile
/home/hatch/workspace/cod-mobile
[UnityMemory] Configuration Parameters - Can be set up in boot.config
    "memorysetup-bucket-allocator-granularity=16"
    "memorysetup-bucket-allocator-bucket-count=8"
    "memorysetup-bucket-allocator-block-size=33554432"
    "memorysetup-bucket-allocator-block-count=8"
    "memorysetup-main-allocator-block-size=16777216"
    "memorysetup-thread-allocator-block-size=16777216"
    "memorysetup-gfx-main-allocator-block-size=16777216"
    "memorysetup-gfx-thread-allocator-block-size=16777216"
    "memorysetup-cache-allocator-block-size=4194304"
    "memorysetup-typetree-allocator-block-size=2097152"
    "memorysetup-profiler-bucket-allocator-granularity=16"
    "memorysetup-profiler-bucket-allocator-bucket-count=8"
    "memorysetup-profiler-bucket-allocator-block-size=33554432"
    "memorysetup-profiler-bucket-allocator-block-count=8"
    "memorysetup-profiler-allocator-block-size=16777216"
    "memorysetup-profiler-editor-allocator-block-size=1048576"
    "memorysetup-temp-allocator-size-main=16777216"
    "memorysetup-job-temp-allocator-block-size=2097152"
    "memorysetup-job-temp-allocator-block-size-background=1048576"
    "memorysetup-job-temp-allocator-reduction-small-platforms=262144"
    "memorysetup-allocator-temp-initial-block-size-main=262144"
    "memorysetup-allocator-temp-initial-block-size-worker=262144"
    "memorysetup-temp-allocator-size-background-worker=32768"
    "memorysetup-temp-allocator-size-job-worker=262144"
    "memorysetup-temp-allocator-size-preload-manager=33554432"
    "memorysetup-temp-allocator-size-nav-mesh-worker=65536"
    "memorysetup-temp-allocator-size-audio-worker=65536"
    "memorysetup-temp-allocator-size-cloud-worker=32768"
    "memorysetup-temp-allocator-size-gi-baking-worker=262144"
    "memorysetup-temp-allocator-size-gfx=262144"
Player connection [130244693120000]  Target information:

Player connection [130244693120000]  * "[IP] 198.19.0.2 [Port] 55504 [Flags] 2 [Guid] 1977444165 [EditorId] 1977444165 [Version] 1048832 [Id] LinuxEditor(16,198.19.0.2) [Debug] 1 [PackageName] LinuxEditor [ProjectName] Editor" 

Player connection [130244693120000] Host joined multi-casting on [225.0.0.222:54997]...
Player connection [130244693120000] Host joined alternative multi-casting on [225.0.0.222:34997]...
Input System module state changed to: Initialized.
[PhysX] Initialized MultithreadedTaskDispatcher with 2 workers.
Error opening a HTTP REST server port between 38000 and 38100
[Package Manager] UpmClient::Connect -- Connected to IPC stream "Upm-6235" after 2.0 seconds.
[Package Manager] Restoring resolved packages state from cache
[Licensing::Client] Successfully resolved entitlement details
[Package Manager] Registered 59 packages:
  Packages from [https://packages.unity.com]:
    com.unity.ads@4.4.2 (location: /home/hatch/workspace/cod-mobile/Library/PackageCache/com.unity.ads@4.4.2)
    com.unity.ai.navigation@1.1.6 (location: /home/hatch/workspace/cod-mobile/Library/PackageCache/com.unity.ai.navigation@1.1.6)
    com.unity.analytics@3.8.1 (location: /home/hatch/workspace/cod-mobile/Library/PackageCache/com.unity.analytics@3.8.1)
    com.unity.collab-proxy@2.7.1 (location: /home/hatch/workspace/cod-mobile/Library/PackageCache/com.unity.collab-proxy@2.7.1)
    com.unity.ide.rider@3.0.36 (location: /home/hatch/workspace/cod-mobile/Library/PackageCache/com.unity.ide.rider@3.0.36)
    com.unity.ide.visualstudio@2.0.22 (location: /home/hatch/workspace/cod-mobile/Library/PackageCache/com.unity.ide.visualstudio@2.0.22)
    com.unity.ide.vscode@1.2.5 (location: /home/hatch/workspace/cod-mobile/Library/PackageCache/com.unity.ide.vscode@1.2.5)
    com.unity.inputsystem@1.14.0 (location: /home/hatch/workspace/cod-mobile/Library/PackageCache/com.unity.inputsystem@1.14.0)
    com.unity.purchasing@4.11.0 (location: /home/hatch/workspace/cod-mobile/Library/PackageCache/com.unity.purchasing@4.11.0)
    com.unity.test-framework@1.1.33 (location: /home/hatch/workspace/cod-mobile/Library/PackageCache/com.unity.test-framework@1.1.33)
    com.unity.textmeshpro@3.0.7 (location: /home/hatch/workspace/cod-mobile/Library/PackageCache/com.unity.textmeshpro@3.0.7)
    com.unity.timeline@1.7.7 (location: /home/hatch/workspace/cod-mobile/Library/PackageCache/com.unity.timeline@1.7.7)
    com.unity.xr.legacyinputhelpers@2.1.12 (location: /home/hatch/workspace/cod-mobile/Library/PackageCache/com.unity.xr.legacyinputhelpers@2.1.12)
    com.unity.ext.nunit@1.0.6 (location: /home/hatch/workspace/cod-mobile/Library/PackageCache/com.unity.ext.nunit@1.0.6)
    com.unity.mathematics@1.2.6 (location: /home/hatch/workspace/cod-mobile/Library/PackageCache/com.unity.mathematics@1.2.6)
    com.unity.burst@1.8.21 (location: /home/hatch/workspace/cod-mobile/Library/PackageCache/com.unity.burst@1.8.21)
    com.unity.services.core@1.14.0 (location: /home/hatch/workspace/cod-mobile/Library/PackageCache/com.unity.services.core@1.14.0)
    com.unity.services.analytics@6.0.3 (location: /home/hatch/workspace/cod-mobile/Library/PackageCache/com.unity.services.analytics@6.0.3)
    com.unity.searcher@4.9.2 (location: /home/hatch/workspace/cod-mobile/Library/PackageCache/com.unity.searcher@4.9.2)
    com.unity.nuget.newtonsoft-json@3.2.1 (location: /home/hatch/workspace/cod-mobile/Library/PackageCache/com.unity.nuget.newtonsoft-json@3.2.1)
  Built-in packages:
    com.unity.2d.sprite@1.0.0 (location: /home/hatch/workspace/cod-mobile/Library/PackageCache/com.unity.2d.sprite@1.0.0)
    com.unity.2d.tilemap@1.0.0 (location: /home/hatch/workspace/cod-mobile/Library/PackageCache/com.unity.2d.tilemap@1.0.0)
    com.unity.render-pipelines.universal@14.0.12 (location: /home/hatch/workspace/cod-mobile/Library/PackageCache/com.unity.render-pipelines.universal@14.0.12)
    com.unity.ugui@1.0.0 (location: /home/hatch/workspace/cod-mobile/Library/PackageCache/com.unity.ugui@1.0.0)
    com.unity.modules.ai@1.0.0 (location: /home/hatch/workspace/cod-mobile/Library/PackageCache/com.unity.modules.ai@1.0.0)
    com.unity.modules.androidjni@1.0.0 (location: /home/hatch/workspace/cod-mobile/Library/PackageCache/com.unity.modules.androidjni@1.0.0)
    com.unity.modules.animation@1.0.0 (location: /home/hatch/workspace/cod-mobile/Library/PackageCache/com.unity.modules.animation@1.0.0)
    com.unity.modules.assetbundle@1.0.0 (location: /home/hatch/workspace/cod-mobile/Library/PackageCache/com.unity.modules.assetbundle@1.0.0)
    com.unity.modules.audio@1.0.0 (location: /home/hatch/workspace/cod-mobile/Library/PackageCache/com.unity.modules.audio@1.0.0)
    com.unity.modules.cloth@1.0.0 (location: /home/hatch/workspace/cod-mobile/Library/PackageCache/com.unity.modules.cloth@1.0.0)
    com.unity.modules.director@1.0.0 (location: /home/hatch/workspace/cod-mobile/Library/PackageCache/com.unity.modules.director@1.0.0)
    com.unity.modules.imageconversion@1.0.0 (location: /home/hatch/workspace/cod-mobile/Library/PackageCache/com.unity.modules.imageconversion@1.0.0)
    com.unity.modules.imgui@1.0.0 (location: /home/hatch/workspace/cod-mobile/Library/PackageCache/com.unity.modules.imgui@1.0.0)
    com.unity.modules.jsonserialize@1.0.0 (location: /home/hatch/workspace/cod-mobile/Library/PackageCache/com.unity.modules.jsonserialize@1.0.0)
    com.unity.modules.particlesystem@1.0.0 (location: /home/hatch/workspace/cod-mobile/Library/PackageCache/com.unity.modules.particlesystem@1.0.0)
    com.unity.modules.physics@1.0.0 (location: /home/hatch/workspace/cod-mobile/Library/PackageCache/com.unity.modules.physics@1.0.0)
    com.unity.modules.physics2d@1.0.0 (location: /home/hatch/workspace/cod-mobile/Library/PackageCache/com.unity.modules.physics2d@1.0.0)
    com.unity.modules.screencapture@1.0.0 (location: /home/hatch/workspace/cod-mobile/Library/PackageCache/com.unity.modules.screencapture@1.0.0)
    com.unity.modules.terrain@1.0.0 (location: /home/hatch/workspace/cod-mobile/Library/PackageCache/com.unity.modules.terrain@1.0.0)
    com.unity.modules.terrainphysics@1.0.0 (location: /home/hatch/workspace/cod-mobile/Library/PackageCache/com.unity.modules.terrainphysics@1.0.0)
    com.unity.modules.tilemap@1.0.0 (location: /home/hatch/workspace/cod-mobile/Library/PackageCache/com.unity.modules.tilemap@1.0.0)
    com.unity.modules.ui@1.0.0 (location: /home/hatch/workspace/cod-mobile/Library/PackageCache/com.unity.modules.ui@1.0.0)
    com.unity.modules.uielements@1.0.0 (location: /home/hatch/workspace/cod-mobile/Library/PackageCache/com.unity.modules.uielements@1.0.0)
    com.unity.modules.umbra@1.0.0 (location: /home/hatch/workspace/cod-mobile/Library/PackageCache/com.unity.modules.umbra@1.0.0)
    com.unity.modules.unityanalytics@1.0.0 (location: /home/hatch/workspace/cod-mobile/Library/PackageCache/com.unity.modules.unityanalytics@1.0.0)
    com.unity.modules.unitywebrequest@1.0.0 (location: /home/hatch/workspace/cod-mobile/Library/PackageCache/com.unity.modules.unitywebrequest@1.0.0)
    com.unity.modules.unitywebrequestassetbundle@1.0.0 (location: /home/hatch/workspace/cod-mobile/Library/PackageCache/com.unity.modules.unitywebrequestassetbundle@1.0.0)
    com.unity.modules.unitywebrequestaudio@1.0.0 (location: /home/hatch/workspace/cod-mobile/Library/PackageCache/com.unity.modules.unitywebrequestaudio@1.0.0)
    com.unity.modules.unitywebrequesttexture@1.0.0 (location: /home/hatch/workspace/cod-mobile/Library/PackageCache/com.unity.modules.unitywebrequesttexture@1.0.0)
    com.unity.modules.unitywebrequestwww@1.0.0 (location: /home/hatch/workspace/cod-mobile/Library/PackageCache/com.unity.modules.unitywebrequestwww@1.0.0)
    com.unity.modules.vehicles@1.0.0 (location: /home/hatch/workspace/cod-mobile/Library/PackageCache/com.unity.modules.vehicles@1.0.0)
    com.unity.modules.video@1.0.0 (location: /home/hatch/workspace/cod-mobile/Library/PackageCache/com.unity.modules.video@1.0.0)
    com.unity.modules.vr@1.0.0 (location: /home/hatch/workspace/cod-mobile/Library/PackageCache/com.unity.modules.vr@1.0.0)
    com.unity.modules.wind@1.0.0 (location: /home/hatch/workspace/cod-mobile/Library/PackageCache/com.unity.modules.wind@1.0.0)
    com.unity.modules.xr@1.0.0 (location: /home/hatch/workspace/cod-mobile/Library/PackageCache/com.unity.modules.xr@1.0.0)
    com.unity.modules.subsystems@1.0.0 (location: /home/hatch/workspace/cod-mobile/Library/PackageCache/com.unity.modules.subsystems@1.0.0)
    com.unity.render-pipelines.core@14.0.12 (location: /home/hatch/workspace/cod-mobile/Library/PackageCache/com.unity.render-pipelines.core@14.0.12)
    com.unity.shadergraph@14.0.12 (location: /home/hatch/workspace/cod-mobile/Library/PackageCache/com.unity.shadergraph@14.0.12)
    com.unity.render-pipelines.universal-config@14.0.10 (location: /home/hatch/workspace/cod-mobile/Library/PackageCache/com.unity.render-pipelines.universal-config@14.0.10)
ALSA lib confmisc.c:855:(parse_card) cannot find card '0'
ALSA lib conf.c:5208:(_snd_config_evaluate) function snd_func_card_inum returned error: No such file or directory
ALSA lib confmisc.c:422:(snd_func_concat) error evaluating strings
ALSA lib conf.c:5208:(_snd_config_evaluate) function snd_func_concat returned error: No such file or directory
ALSA lib confmisc.c:1342:(snd_func_refer) error evaluating name
ALSA lib conf.c:5208:(_snd_config_evaluate) function snd_func_refer returned error: No such file or directory
ALSA lib conf.c:5731:(snd_config_expand) Evaluate error: No such file or directory
ALSA lib pcm.c:2721:(snd_pcm_open_noupdate) Unknown PCM default
FMOD failed to initialize the output device.: "Error initializing output device. " (60)
Forced to initialize FMOD to to the device driver's system output rate 48000, this may impact performance and/or give inconsistent experiences compared to selected sample rate 48000
ALSA lib confmisc.c:855:(parse_card) cannot find card '0'
ALSA lib conf.c:5208:(_snd_config_evaluate) function snd_func_card_inum returned error: No such file or directory
ALSA lib confmisc.c:422:(snd_func_concat) error evaluating strings
ALSA lib conf.c:5208:(_snd_config_evaluate) function snd_func_concat returned error: No such file or directory
ALSA lib confmisc.c:1342:(snd_func_refer) error evaluating name
ALSA lib conf.c:5208:(_snd_config_evaluate) function snd_func_refer returned error: No such file or directory
ALSA lib conf.c:5731:(snd_config_expand) Evaluate error: No such file or directory
ALSA lib pcm.c:2721:(snd_pcm_open_noupdate) Unknown PCM default
FMOD failed to initialize the output device.: "Error initializing output device. " (60)
FMOD initialized on nosound output
[Subsystems] No new subsystems found in resolved package list.
Package Manager log level set to [2]
[Package Manager] Done registering packages in 0.17 seconds
Refreshing native plugins compatible for Editor in 20.17 ms, found 0 plugins.
Preloading 0 native plugins for Editor in 0.00 ms.
Initialize engine version: 2022.3.62f3 (96770f904ca7)
[Subsystems] Discovering subsystems at path /home/hatch/workspace/unity-setup/Unity-2022.3.62f3/Editor/Data/Resources/UnitySubsystems
[Subsystems] Discovering subsystems at path /home/hatch/workspace/cod-mobile/Assets
Forcing GfxDevice: Null
GfxDevice: creating device client; threaded=0; jobified=0
NullGfxDevice:
    Version:  NULL 1.0 [1.0]
    Renderer: Null Device
    Vendor:   Unity Technologies
Shader Hidden/ProbeVolume/VoxelizeScene is not supported: GPU does not support conservative rasterization
[Licensing::Client] Successfully resolved entitlement details
Initialize mono
Mono path[0] = '/home/hatch/workspace/unity-setup/Unity-2022.3.62f3/Editor/Data/Managed'
Mono path[1] = '/home/hatch/workspace/unity-setup/Unity-2022.3.62f3/Editor/Data/MonoBleedingEdge/lib/mono/unityjit-linux'
Mono config path = '/home/hatch/workspace/unity-setup/Unity-2022.3.62f3/Editor/Data/MonoBleedingEdge/etc'
Using monoOptions --debugger-agent=transport=dt_socket,embedding=1,server=y,suspend=n,address=127.0.0.1:56235
Using cacheserver namespaces - metadata:defaultmetadata, artifacts:defaultartifacts
Using cacheserver namespaces - metadata:defaultmetadata, artifacts:defaultartifacts
ImportWorker Server TCP listen port: 0
Begin MonoManager ReloadAssembly
Registering precompiled unity dll's ...
Register platform support module: /home/hatch/workspace/unity-setup/Unity-2022.3.62f3/Editor/Data/PlaybackEngines/WebGLSupport/UnityEditor.WebGL.Extensions.dll
Register platform support module: /home/hatch/workspace/unity-setup/Unity-2022.3.62f3/Editor/Data/PlaybackEngines/LinuxStandaloneSupport/UnityEditor.LinuxStandalone.Extensions.dll
Registered in 0.073175 seconds.
- Loaded All Assemblies, in  1.427 seconds
Native extension for LinuxStandalone target not found
Native extension for WebGL target not found
Mono: successfully reloaded assembly
- Finished resetting the current domain, in  0.824 seconds
Domain Reload Profiling: 2252ms
	BeginReloadAssembly (299ms)
		ExecutionOrderSort (0ms)
		DisableScriptedObjects (0ms)
		BackupInstance (0ms)
		ReleaseScriptingObjects (0ms)
		CreateAndSetChildDomain (5ms)
	RebuildCommonClasses (131ms)
	RebuildNativeTypeToScriptingClass (22ms)
	initialDomainReloadingComplete (382ms)
	LoadAllAssembliesAndSetupDomain (592ms)
		LoadAssemblies (296ms)
		RebuildTransferFunctionScriptingTraits (0ms)
		AnalyzeDomain (584ms)
			TypeCache.Refresh (578ms)
				TypeCache.ScanAssembly (513ms)
			ScanForSourceGeneratedMonoScriptInfo (2ms)
			ResolveRequiredComponents (1ms)
	FinalizeReload (825ms)
		ReleaseScriptCaches (0ms)
		RebuildScriptCaches (0ms)
		SetupLoadedEditorAssemblies (686ms)
			LogAssemblyErrors (0ms)
			InitializePlatformSupportModulesInManaged (22ms)
			SetLoadedEditorAssemblies (9ms)
			RefreshPlugins (0ms)
			BeforeProcessingInitializeOnLoad (4ms)
			ProcessInitializeOnLoadAttributes (502ms)
			ProcessInitializeOnLoadMethodAttributes (149ms)
			AfterProcessingInitializeOnLoad (0ms)
			EditorAssembliesLoaded (0ms)
		ExecutionOrderSort2 (0ms)
		AwakeInstancesAfterBackupRestoration (0ms)
[Licensing::Client] Successfully resolved entitlement details
Application.AssetDatabase Initial Refresh Start
[ScriptCompilation] Requested script compilation because: Assetdatabase observed changes in script compilation related files
[40m[32minfo[39m[22m[49m: Microsoft.Hosting.Lifetime[14]
      Now listening on: http://unix:/tmp/ilpp.sock-1441cd3f67175404b369a03c2a7b4d25
[40m[32minfo[39m[22m[49m: Microsoft.Hosting.Lifetime[0]
      Application started. Press Ctrl+C to shut down.
[40m[32minfo[39m[22m[49m: Microsoft.Hosting.Lifetime[0]
      Hosting environment: Production
[40m[32minfo[39m[22m[49m: Microsoft.Hosting.Lifetime[0]
      Content root path: /home/hatch/workspace/cod-mobile/
[40m[32minfo[39m[22m[49m: Microsoft.AspNetCore.Hosting.Diagnostics[1]
      Request starting HTTP/2 POST http://ilpp/UnityILPP.PostProcessing/Ping application/grpc -
[40m[32minfo[39m[22m[49m: Microsoft.AspNetCore.Routing.EndpointMiddleware[0]
      Executing endpoint 'gRPC - /UnityILPP.PostProcessing/Ping'
[40m[32minfo[39m[22m[49m: Microsoft.AspNetCore.Routing.EndpointMiddleware[1]
      Executed endpoint 'gRPC - /UnityILPP.PostProcessing/Ping'
[40m[32minfo[39m[22m[49m: Microsoft.AspNetCore.Hosting.Diagnostics[2]
      Request finished HTTP/2 POST http://ilpp/UnityILPP.PostProcessing/Ping application/grpc - - 200 - application/grpc 169.4763ms
Starting: /home/hatch/workspace/unity-setup/Unity-2022.3.62f3/Editor/Data/bee_backend --ipc --defer-dag-verification --dagfile="Library/Bee/2000b0aE.dag" --continue-on-failure --profile="Library/Bee/backend1.traceevents" ScriptAssemblies
WorkingDir: /home/hatch/workspace/cod-mobile
DisplayProgressbar: Compiling Scripts
[40m[32minfo[39m[22m[49m: Microsoft.AspNetCore.Hosting.Diagnostics[1]
      Request starting HTTP/2 POST http://ilpp/UnityILPP.PostProcessing/ConfigurePostProcessors application/grpc -
[40m[32minfo[39m[22m[49m: Microsoft.AspNetCore.Routing.EndpointMiddleware[0]
      Executing endpoint 'gRPC - /UnityILPP.PostProcessing/ConfigurePostProcessors'
[40m[1m[33mwarn[39m[22m[49m: Unity.ILPP.Runner.PostProcessingAssemblyLoadContext[0]
      Assembly system.runtime.interopservices.windowsruntime has duplicate hint path. Ignoring "/home/hatch/workspace/unity-setup/Unity-2022.3.62f3/Editor/Data/UnityReferenceAssemblies/unity-4.8-api/Facades/System.Runtime.InteropServices.WindowsRuntime.dll" in favor of "/home/hatch/workspace/unity-setup/Unity-2022.3.62f3/Editor/Data/NetStandard/Extensions/2.0.0/System.Runtime.InteropServices.WindowsRuntime.dll"
[40m[1m[33mwarn[39m[22m[49m: Unity.ILPP.Runner.PostProcessingAssemblyLoadContext[0]
      Assembly system.componentmodel.composition has duplicate hint path. Ignoring "/home/hatch/workspace/unity-setup/Unity-2022.3.62f3/Editor/Data/UnityReferenceAssemblies/unity-4.8-api/System.ComponentModel.Composition.dll" in favor of "/home/hatch/workspace/unity-setup/Unity-2022.3.62f3/Editor/Data/NetStandard/compat/2.1.0/shims/netfx/System.ComponentModel.Composition.dll"
[40m[32minfo[39m[22m[49m: Unity.ILPP.Runner.PostProcessingAssemblyLoadContext[0]
      Resolved Unity.Burst.Cecil, Version=0.11.4.0, Culture=neutral, PublicKeyToken=50cebf1cceb9d05e with Library/PackageCache/com.unity.burst@1.8.21/Unity.Burst.CodeGen/Unity.Burst.Cecil.dll
[40m[32minfo[39m[22m[49m: Microsoft.AspNetCore.Routing.EndpointMiddleware[1]
      Executed endpoint 'gRPC - /UnityILPP.PostProcessing/ConfigurePostProcessors'
[40m[32minfo[39m[22m[49m: Microsoft.AspNetCore.Hosting.Diagnostics[2]
      Request finished HTTP/2 POST http://ilpp/UnityILPP.PostProcessing/ConfigurePostProcessors application/grpc - - 200 - application/grpc 79.4281ms
[40m[32minfo[39m[22m[49m: Microsoft.AspNetCore.Hosting.Diagnostics[1]
      Request starting HTTP/2 POST http://ilpp/UnityILPP.PostProcessing/PostProcessAssembly application/grpc -
[40m[32minfo[39m[22m[49m: Microsoft.AspNetCore.Routing.EndpointMiddleware[0]
      Executing endpoint 'gRPC - /UnityILPP.PostProcessing/PostProcessAssembly'
[40m[32minfo[39m[22m[49m: Unity.ILPP.Runner.PostProcessingPipeline[0]
      Processing assembly Library/Bee/artifacts/2000b0aE.dag/Assembly-CSharp.dll, with 103 defines and 261 references
[40m[32minfo[39m[22m[49m: Unity.ILPP.Runner.PostProcessingPipeline[0]
      processors: zzzUnity.Burst.CodeGen.BurstILPostProcessor
[40m[32minfo[39m[22m[49m: Unity.ILPP.Runner.PostProcessingPipeline[0]
      running zzzUnity.Burst.CodeGen.BurstILPostProcessor
[40m[32minfo[39m[22m[49m: Unity.ILPP.Runner.PostProcessingAssemblyLoadContext[0]
      Resolved Unity.Burst.Cecil.Rocks, Version=0.11.4.0, Culture=neutral, PublicKeyToken=50cebf1cceb9d05e with Library/PackageCache/com.unity.burst@1.8.21/Unity.Burst.CodeGen/Unity.Burst.Cecil.Rocks.dll
[40m[32minfo[39m[22m[49m: Microsoft.AspNetCore.Routing.EndpointMiddleware[1]
      Executed endpoint 'gRPC - /UnityILPP.PostProcessing/PostProcessAssembly'
[40m[32minfo[39m[22m[49m: Microsoft.AspNetCore.Hosting.Diagnostics[2]
      Request finished HTTP/2 POST http://ilpp/UnityILPP.PostProcessing/PostProcessAssembly application/grpc - - 200 - application/grpc 952.9105ms
ExitCode: 3 Duration: 10s
[634/914    0s] ILPP-Configuration Library/ilpp-configuration.nevergeneratedoutput
[906/914    5s] Csc Library/Bee/artifacts/2000b0aE.dag/Assembly-CSharp.dll (+2 others)
Assets/_Project/Scripts/Interaction/InteractableNPC.cs(17,41): warning CS0414: The field 'InteractableNPC.repeatLine' is assigned but its value is never used
[907/914    1s] ILPostProcess Library/Bee/artifacts/2000b0aE.dag/post-processed/Assembly-CSharp.dll (+pdb)
Processing assembly Library/Bee/artifacts/2000b0aE.dag/Assembly-CSharp.dll, with 103 defines and 261 references
processors: zzzUnity.Burst.CodeGen.BurstILPostProcessor
running zzzUnity.Burst.CodeGen.BurstILPostProcessor
[908/914    0s] CopyFiles Library/ScriptAssemblies/Assembly-CSharp.dll
[909/914    0s] CopyFiles Library/ScriptAssemblies/Assembly-CSharp.pdb
[910/914    3s] Csc Library/Bee/artifacts/2000b0aE.dag/Assembly-CSharp-Editor.dll (+2 others)
##### CommandLine
"/home/hatch/workspace/unity-setup/Unity-2022.3.62f3/Editor/Data/NetCoreRuntime/dotnet" exec "/home/hatch/workspace/unity-setup/Unity-2022.3.62f3/Editor/Data/DotNetSdkRoslyn/csc.dll" /nostdlib /noconfig /shared "@Library/Bee/artifacts/2000b0aE.dag/Assembly-CSharp-Editor.rsp" "@Library/Bee/artifacts/2000b0aE.dag/Assembly-CSharp-Editor.rsp2"
##### Contents of Library/Bee/artifacts/2000b0aE.dag/Assembly-CSharp-Editor.rsp
-target:library
-out:"Library/Bee/artifacts/2000b0aE.dag/Assembly-CSharp-Editor.dll"
-refout:"Library/Bee/artifacts/2000b0aE.dag/Assembly-CSharp-Editor.ref.dll"
-define:UNITY_2022_3_62
-define:UNITY_2022_3
-define:UNITY_2022
-define:UNITY_5_3_OR_NEWER
-define:UNITY_5_4_OR_NEWER
-define:UNITY_5_5_OR_NEWER
-define:UNITY_5_6_OR_NEWER
-define:UNITY_2017_1_OR_NEWER
-define:UNITY_2017_2_OR_NEWER
-define:UNITY_2017_3_OR_NEWER
-define:UNITY_2017_4_OR_NEWER
-define:UNITY_2018_1_OR_NEWER
-define:UNITY_2018_2_OR_NEWER
-define:UNITY_2018_3_OR_NEWER
-define:UNITY_2018_4_OR_NEWER
-define:UNITY_2019_1_OR_NEWER
-define:UNITY_2019_2_OR_NEWER
-define:UNITY_2019_3_OR_NEWER
-define:UNITY_2019_4_OR_NEWER
-define:UNITY_2020_1_OR_NEWER
-define:UNITY_2020_2_OR_NEWER
-define:UNITY_2020_3_OR_NEWER
-define:UNITY_2021_1_OR_NEWER
-define:UNITY_2021_2_OR_NEWER
-define:UNITY_2021_3_OR_NEWER
-define:UNITY_2022_1_OR_NEWER
-define:UNITY_2022_2_OR_NEWER
-define:UNITY_2022_3_OR_NEWER
-define:UNITY_INCLUDE_TESTS
-define:ENABLE_AUDIO
-define:ENABLE_CLOTH
-define:ENABLE_MULTIPLE_DISPLAYS
-define:ENABLE_PHYSICS
-define:ENABLE_TEXTURE_STREAMING
-define:ENABLE_UNITYEVENTS
-define:ENABLE_VR
-define:ENABLE_WEBCAM
-define:ENABLE_UNITYWEBREQUEST
-define:ENABLE_WWW
-define:ENABLE_CLOUD_SERVICES
-define:ENABLE_CLOUD_SERVICES_ADS
-define:ENABLE_CLOUD_SERVICES_USE_WEBREQUEST
-define:ENABLE_CLOUD_SERVICES_CRASH_REPORTING
-define:ENABLE_CLOUD_SERVICES_PURCHASING
-define:ENABLE_CLOUD_SERVICES_ANALYTICS
-define:ENABLE_CLOUD_SERVICES_BUILD
-define:ENABLE_EDITOR_GAME_SERVICES
-define:ENABLE_UNITY_GAME_SERVICES_ANALYTICS_SUPPORT
-define:ENABLE_CLOUD_LICENSE
-define:ENABLE_EDITOR_HUB_LICENSE
-define:ENABLE_WEBSOCKET_CLIENT
-define:ENABLE_GENERATE_NATIVE_PLUGINS_FOR_ASSEMBLIES_API
-define:ENABLE_DIRECTOR_AUDIO
-define:ENABLE_DIRECTOR_TEXTURE
-define:ENABLE_MANAGED_JOBS
-define:ENABLE_MANAGED_TRANSFORM_JOBS
-define:ENABLE_MANAGED_ANIMATION_JOBS
-define:ENABLE_MANAGED_AUDIO_JOBS
-define:ENABLE_ENGINE_CODE_STRIPPING
-define:ENABLE_ONSCREEN_KEYBOARD
-define:ENABLE_MANAGED_UNITYTLS
-define:RENDER_SOFTWARE_CURSOR
-define:ENABLE_VIDEO
-define:ENABLE_ACCELERATOR_CLIENT_DEBUGGING
-define:ENABLE_NAVIGATION_PACKAGE_DEBUG_VISUALIZATION
-define:ENABLE_NAVIGATION_HEIGHTMESH_RUNTIME_SUPPORT
-define:ENABLE_NAVIGATION_UI_REQUIRES_PACKAGE
-define:PLATFORM_WEBGL
-define:TEXTCORE_1_0_OR_NEWER
-define:UNITY_WEBGL
-define:UNITY_WEBGL_API
-define:UNITY_DISABLE_WEB_VERIFICATION
-define:UNITY_GFX_USE_PLATFORM_VSYNC
-define:ENABLE_CRUNCH_TEXTURE_COMPRESSION
-define:ENABLE_SPATIALTRACKING
-define:ENABLE_MONO
-define:NET_4_6
-define:NET_UNITY_4_8
-define:ENABLE_PROFILER
-define:DEBUG
-define:TRACE
-define:UNITY_ASSERTIONS
-define:UNITY_EDITOR
-define:UNITY_EDITOR_64
-define:UNITY_EDITOR_LINUX
-define:ENABLE_UNITY_COLLECTIONS_CHECKS
-define:ENABLE_BURST_AOT
-define:UNITY_TEAM_LICENSE
-define:ENABLE_CUSTOM_RENDER_TEXTURE
-define:ENABLE_DIRECTOR
-define:ENABLE_LOCALIZATION
-define:ENABLE_SPRITES
-define:ENABLE_TERRAIN
-define:ENABLE_TILEMAP
-define:ENABLE_TIMELINE
-define:ENABLE_INPUT_SYSTEM
-define:ENABLE_LEGACY_INPUT_MANAGER
-define:TEXTCORE_FONT_ENGINE_1_5_OR_NEWER
-define:CSHARP_7_OR_LATER
-define:CSHARP_7_3_OR_NEWER
-define:UNITY_EDITOR_ONLY_COMPILATION
-r:"/home/hatch/workspace/unity-setup/Unity-2022.3.62f3/Editor/Data/Managed/UnityEditor.Graphs.dll"
-r:"/home/hatch/workspace/unity-setup/Unity-2022.3.62f3/Editor/Data/Managed/UnityEngine/UnityEditor.CoreModule.dll"
-r:"/home/hatch/workspace/unity-setup/Unity-2022.3.62f3/Editor/Data/Managed/UnityEngine/UnityEditor.DeviceSimulatorModule.dll"
-r:"/home/hatch/workspace/unity-setup/Unity-2022.3.62f3/Editor/Data/Managed/UnityEngine/UnityEditor.DiagnosticsModule.dll"
-r:"/home/hatch/workspace/unity-setup/Unity-2022.3.62f3/Editor/Data/Managed/UnityEngine/UnityEditor.EditorToolbarModule.dll"
-r:"/home/hatch/workspace/unity-setup/Unity-2022.3.62f3/Editor/Data/Managed/UnityEngine/UnityEditor.GraphViewModule.dll"
-r:"/home/hatch/workspace/unity-setup/Unity-2022.3.62f3/Editor/Data/Managed/UnityEngine/UnityEditor.PresetsUIModule.dll"
-r:"/home/hatch/workspace/unity-setup/Unity-2022.3.62f3/Editor/Data/Managed/UnityEngine/UnityEditor.QuickSearchModule.dll"
-r:"/home/hatch/workspace/unity-setup/Unity-2022.3.62f3/Editor/Data/Managed/UnityEngine/UnityEditor.SceneTemplateModule.dll"
-r:"/home/hatch/workspace/unity-setup/Unity-2022.3.62f3/Editor/Data/Managed/UnityEngine/UnityEditor.SceneViewModule.dll"
-r:"/home/hatch/workspace/unity-setup/Unity-2022.3.62f3/Editor/Data/Managed/UnityEngine/UnityEditor.TextCoreFontEngineModule.dll"
-r:"/home/hatch/workspace/unity-setup/Unity-2022.3.62f3/Editor/Data/Managed/UnityEngine/UnityEditor.TextCoreTextEngineModule.dll"
-r:"/home/hatch/workspace/unity-setup/Unity-2022.3.62f3/Editor/Data/Managed/UnityEngine/UnityEditor.UIBuilderModule.dll"
-r:"/home/hatch/workspace/unity-setup/Unity-2022.3.62f3/Editor/Data/Managed/UnityEngine/UnityEditor.UIElementsModule.dll"
-r:"/home/hatch/workspace/unity-setup/Unity-2022.3.62f3/Editor/Data/Managed/UnityEngine/UnityEditor.UIElementsSamplesModule.dll"
-r:"/home/hatch/workspace/unity-setup/Unity-2022.3.62f3/Editor/Data/Managed/UnityEngine/UnityEditor.UnityConnectModule.dll"
-r:"/home/hatch/workspace/unity-setup/Unity-2022.3.62f3/Editor/Data/Managed/UnityEngine/UnityEditor.dll"
-r:"/home/hatch/workspace/unity-setup/Unity-2022.3.62f3/Editor/Data/Managed/UnityEngine/UnityEngine.AIModule.dll"
-r:"/home/hatch/workspace/unity-setup/Unity-2022.3.62f3/Editor/Data/Managed/UnityEngine/UnityEngine.ARModule.dll"
-r:"/home/hatch/workspace/unity-setup/Unity-2022.3.62f3/Editor/Data/Managed/UnityEngine/UnityEngine.AccessibilityModule.dll"
-r:"/home/hatch/workspace/unity-setup/Unity-2022.3.62f3/Editor/Data/Managed/UnityEngine/UnityEngine.AndroidJNIModule.dll"
-r:"/home/hatch/workspace/unity-setup/Unity-2022.3.62f3/Editor/Data/Managed/UnityEngine/UnityEngine.AnimationModule.dll"
-r:"/home/hatch/workspace/unity-setup/Unity-2022.3.62f3/Editor/Data/Managed/UnityEngine/UnityEngine.AssetBundleModule.dll"
-r:"/home/hatch/workspace/unity-setup/Unity-2022.3.62f3/Editor/Data/Managed/UnityEngine/UnityEngine.AudioModule.dll"
-r:"/home/hatch/workspace/unity-setup/Unity-2022.3.62f3/Editor/Data/Managed/UnityEngine/UnityEngine.ClothModule.dll"
-r:"/home/hatch/workspace/unity-setup/Unity-2022.3.62f3/Editor/Data/Managed/UnityEngine/UnityEngine.ClusterInputModule.dll"
-r:"/home/hatch/workspace/unity-setup/Unity-2022.3.62f3/Editor/Data/Managed/UnityEngine/UnityEngine.ClusterRendererModule.dll"
-r:"/home/hatch/workspace/unity-setup/Unity-2022.3.62f3/Editor/Data/Managed/UnityEngine/UnityEngine.ContentLoadModule.dll"
-r:"/home/hatch/workspace/unity-setup/Unity-2022.3.62f3/Editor/Data/Managed/UnityEngine/UnityEngine.CoreModule.dll"
-r:"/home/hatch/workspace/unity-setup/Unity-2022.3.62f3/Editor/Data/Managed/UnityEngine/UnityEngine.CrashReportingModule.dll"
-r:"/home/hatch/workspace/unity-setup/Unity-2022.3.62f3/Editor/Data/Managed/UnityEngine/UnityEngine.DSPGraphModule.dll"
-r:"/home/hatch/workspace/unity-setup/Unity-2022.3.62f3/Editor/Data/Managed/UnityEngine/UnityEngine.DirectorModule.dll"
-r:"/home/hatch/workspace/unity-setup/Unity-2022.3.62f3/Editor/Data/Managed/UnityEngine/UnityEngine.GIModule.dll"
-r:"/home/hatch/workspace/unity-setup/Unity-2022.3.62f3/Editor/Data/Managed/UnityEngine/UnityEngine.GameCenterModule.dll"
-r:"/home/hatch/workspace/unity-setup/Unity-2022.3.62f3/Editor/Data/Managed/UnityEngine/UnityEngine.GridModule.dll"
-r:"/home/hatch/workspace/unity-setup/Unity-2022.3.62f3/Editor/Data/Managed/UnityEngine/UnityEngine.HotReloadModule.dll"
-r:"/home/hatch/workspace/unity-setup/Unity-2022.3.62f3/Editor/Data/Managed/UnityEngine/UnityEngine.IMGUIModule.dll"
-r:"/home/hatch/workspace/unity-setup/Unity-2022.3.62f3/Editor/Data/Managed/UnityEngine/UnityEngine.ImageConversionModule.dll"
-r:"/home/hatch/workspace/unity-setup/Unity-2022.3.62f3/Editor/Data/Managed/UnityEngine/UnityEngine.InputLegacyModule.dll"
-r:"/home/hatch/workspace/unity-setup/Unity-2022.3.62f3/Editor/Data/Managed/UnityEngine/UnityEngine.InputModule.dll"
-r:"/home/hatch/workspace/unity-setup/Unity-2022.3.62f3/Editor/Data/Managed/UnityEngine/UnityEngine.JSONSerializeModule.dll"
-r:"/home/hatch/workspace/unity-setup/Unity-2022.3.62f3/Editor/Data/Managed/UnityEngine/UnityEngine.LocalizationModule.dll"
-r:"/home/hatch/workspace/unity-setup/Unity-2022.3.62f3/Editor/Data/Managed/UnityEngine/UnityEngine.NVIDIAModule.dll"
-r:"/home/hatch/workspace/unity-setup/Unity-2022.3.62f3/Editor/Data/Managed/UnityEngine/UnityEngine.ParticleSystemModule.dll"
-r:"/home/hatch/workspace/unity-setup/Unity-2022.3.62f3/Editor/Data/Managed/UnityEngine/UnityEngine.PerformanceReportingModule.dll"
-r:"/home/hatch/workspace/unity-setup/Unity-2022.3.62f3/Editor/Data/Managed/UnityEngine/UnityEngine.Physics2DModule.dll"
-r:"/home/hatch/workspace/unity-setup/Unity-2022.3.62f3/Editor/Data/Managed/UnityEngine/UnityEngine.PhysicsModule.dll"
-r:"/home/hatch/workspace/unity-setup/Unity-2022.3.62f3/Editor/Data/Managed/UnityEngine/UnityEngine.ProfilerModule.dll"
-r:"/home/hatch/workspace/unity-setup/Unity-2022.3.62f3/Editor/Data/Managed/UnityEngine/UnityEngine.PropertiesModule.dll"
-r:"/home/hatch/workspace/unity-setup/Unity-2022.3.62f3/Editor/Data/Managed/UnityEngine/UnityEngine.RuntimeInitializeOnLoadManagerInitializerModule.dll"
-r:"/home/hatch/workspace/unity-setup/Unity-2022.3.62f3/Editor/Data/Managed/UnityEngine/UnityEngine.ScreenCaptureModule.dll"
-r:"/home/hatch/workspace/unity-setup/Unity-2022.3.62f3/Editor/Data/Managed/UnityEngine/UnityEngine.SharedInternalsModule.dll"
-r:"/home/hatch/workspace/unity-setup/Unity-2022.3.62f3/Editor/Data/Managed/UnityEngine/UnityEngine.SpriteMaskModule.dll"
-r:"/home/hatch/workspace/unity-setup/Unity-2022.3.62f3/Editor/Data/Managed/UnityEngine/UnityEngine.SpriteShapeModule.dll"
-r:"/home/hatch/workspace/unity-setup/Unity-2022.3.62f3/Editor/Data/Managed/UnityEngine/UnityEngine.StreamingModule.dll"
-r:"/home/hatch/workspace/unity-setup/Unity-2022.3.62f3/Editor/Data/Managed/UnityEngine/UnityEngine.SubstanceModule.dll"
-r:"/home/hatch/workspace/unity-setup/Unity-2022.3.62f3/Editor/Data/Managed/UnityEngine/UnityEngine.SubsystemsModule.dll"
-r:"/home/hatch/workspace/unity-setup/Unity-2022.3.62f3/Editor/Data/Managed/UnityEngine/UnityEngine.TLSModule.dll"
-r:"/home/hatch/workspace/unity-setup/Unity-2022.3.62f3/Editor/Data/Managed/UnityEngine/UnityEngine.TerrainModule.dll"
-r:"/home/hatch/workspace/unity-setup/Unity-2022.3.62f3/Editor/Data/Managed/UnityEngine/UnityEngine.TerrainPhysicsModule.dll"
-r:"/home/hatch/workspace/unity-setup/Unity-2022.3.62f3/Editor/Data/Managed/UnityEngine/UnityEngine.TextCoreFontEngineModule.dll"
-r:"/home/hatch/workspace/unity-setup/Unity-2022.3.62f3/Editor/Data/Managed/UnityEngine/UnityEngine.TextCoreTextEngineModule.dll"
-r:"/home/hatch/workspace/unity-setup/Unity-2022.3.62f3/Editor/Data/Managed/UnityEngine/UnityEngine.TextRenderingModule.dll"
-r:"/home/hatch/workspace/unity-setup/Unity-2022.3.62f3/Editor/Data/Managed/UnityEngine/UnityEngine.TilemapModule.dll"
-r:"/home/hatch/workspace/unity-setup/Unity-2022.3.62f3/Editor/Data/Managed/UnityEngine/UnityEngine.UIElementsModule.dll"
-r:"/home/hatch/workspace/unity-setup/Unity-2022.3.62f3/Editor/Data/Managed/UnityEngine/UnityEngine.UIModule.dll"
-r:"/home/hatch/workspace/unity-setup/Unity-2022.3.62f3/Editor/Data/Managed/UnityEngine/UnityEngine.UmbraModule.dll"
-r:"/home/hatch/workspace/unity-setup/Unity-2022.3.62f3/Editor/Data/Managed/UnityEngine/UnityEngine.UnityAnalyticsCommonModule.dll"
-r:"/home/hatch/workspace/unity-setup/Unity-2022.3.62f3/Editor/Data/Managed/UnityEngine/UnityEngine.UnityAnalyticsModule.dll"
-r:"/home/hatch/workspace/unity-setup/Unity-2022.3.62f3/Editor/Data/Managed/UnityEngine/UnityEngine.UnityConnectModule.dll"
-r:"/home/hatch/workspace/unity-setup/Unity-2022.3.62f3/Editor/Data/Managed/UnityEngine/UnityEngine.UnityCurlModule.dll"
-r:"/home/hatch/workspace/unity-setup/Unity-2022.3.62f3/Editor/Data/Managed/UnityEngine/UnityEngine.UnityTestProtocolModule.dll"
-r:"/home/hatch/workspace/unity-setup/Unity-2022.3.62f3/Editor/Data/Managed/UnityEngine/UnityEngine.UnityWebRequestAssetBundleModule.dll"
-r:"/home/hatch/workspace/unity-setup/Unity-2022.3.62f3/Editor/Data/Managed/UnityEngine/UnityEngine.UnityWebRequestAudioModule.dll"
-r:"/home/hatch/workspace/unity-setup/Unity-2022.3.62f3/Editor/Data/Managed/UnityEngine/UnityEngine.UnityWebRequestModule.dll"
-r:"/home/hatch/workspace/unity-setup/Unity-2022.3.62f3/Editor/Data/Managed/UnityEngine/UnityEngine.UnityWebRequestTextureModule.dll"
-r:"/home/hatch/workspace/unity-setup/Unity-2022.3.62f3/Editor/Data/Managed/UnityEngine/UnityEngine.UnityWebRequestWWWModule.dll"
-r:"/home/hatch/workspace/unity-setup/Unity-2022.3.62f3/Editor/Data/Managed/UnityEngine/UnityEngine.VFXModule.dll"
-r:"/home/hatch/workspace/unity-setup/Unity-2022.3.62f3/Editor/Data/Managed/UnityEngine/UnityEngine.VRModule.dll"
-r:"/home/hatch/workspace/unity-setup/Unity-2022.3.62f3/Editor/Data/Managed/UnityEngine/UnityEngine.VehiclesModule.dll"
-r:"/home/hatch/workspace/unity-setup/Unity-2022.3.62f3/Editor/Data/Managed/UnityEngine/UnityEngine.VideoModule.dll"
-r:"/home/hatch/workspace/unity-setup/Unity-2022.3.62f3/Editor/Data/Managed/UnityEngine/UnityEngine.VirtualTexturingModule.dll"
-r:"/home/hatch/workspace/unity-setup/Unity-2022.3.62f3/Editor/Data/Managed/UnityEngine/UnityEngine.WindModule.dll"
-r:"/home/hatch/workspace/unity-setup/Unity-2022.3.62f3/Editor/Data/Managed/UnityEngine/UnityEngine.XRModule.dll"
-r:"/home/hatch/workspace/unity-setup/Unity-2022.3.62f3/Editor/Data/Managed/UnityEngine/UnityEngine.dll"
-r:"/home/hatch/workspace/unity-setup/Unity-2022.3.62f3/Editor/Data/PlaybackEngines/LinuxStandaloneSupport/UnityEditor.LinuxStandalone.Extensions.dll"
-r:"/home/hatch/workspace/unity-setup/Unity-2022.3.62f3/Editor/Data/PlaybackEngines/WebGLSupport/Managed/UnityEngine.WebGLModule.dll"
-r:"/home/hatch/workspace/unity-setup/Unity-2022.3.62f3/Editor/Data/PlaybackEngines/WebGLSupport/UnityEditor.WebGL.Extensions.dll"
-r:"/home/hatch/workspace/unity-setup/Unity-2022.3.62f3/Editor/Data/UnityReferenceAssemblies/unity-4.8-api/Facades/Microsoft.Win32.Primitives.dll"
-r:"/home/hatch/workspace/unity-setup/Unity-2022.3.62f3/Editor/Data/UnityReferenceAssemblies/unity-4.8-api/Facades/System.AppContext.dll"
-r:"/home/hatch/workspace/unity-setup/Unity-2022.3.62f3/Editor/Data/UnityReferenceAssemblies/unity-4.8-api/Facades/System.Buffers.dll"
-r:"/home/hatch/workspace/unity-setup/Unity-2022.3.62f3/Editor/Data/UnityReferenceAssemblies/unity-4.8-api/Facades/System.Collections.Concurrent.dll"
-r:"/home/hatch/workspace/unity-setup/Unity-2022.3.62f3/Editor/Data/UnityReferenceAssemblies/unity-4.8-api/Facades/System.Collections.NonGeneric.dll"
-r:"/home/hatch/workspace/unity-setup/Unity-2022.3.62f3/Editor/Data/UnityReferenceAssemblies/unity-4.8-api/Facades/System.Collections.Specialized.dll"
-r:"/home/hatch/workspace/unity-setup/Unity-2022.3.62f3/Editor/Data/UnityReferenceAssemblies/unity-4.8-api/Facades/System.Collections.dll"
-r:"/home/hatch/workspace/unity-setup/Unity-2022.3.62f3/Editor/Data/UnityReferenceAssemblies/unity-4.8-api/Facades/System.ComponentModel.Annotations.dll"
-r:"/home/hatch/workspace/unity-setup/Unity-2022.3.62f3/Editor/Data/UnityReferenceAssemblies/unity-4.8-api/Facades/System.ComponentModel.EventBasedAsync.dll"
-r:"/home/hatch/workspace/unity-setup/Unity-2022.3.62f3/Editor/Data/UnityReferenceAssemblies/unity-4.8-api/Facades/System.ComponentModel.Primitives.dll"
-r:"/home/hatch/workspace/unity-setup/Unity-2022.3.62f3/Editor/Data/UnityReferenceAssemblies/unity-4.8-api/Facades/System.ComponentModel.TypeConverter.dll"
-r:"/home/hatch/workspace/unity-setup/Unity-2022.3.62f3/Editor/Data/UnityReferenceAssemblies/unity-4.8-api/Facades/System.ComponentModel.dll"
-r:"/home/hatch/workspace/unity-setup/Unity-2022.3.62f3/Editor/Data/UnityReferenceAssemblies/unity-4.8-api/Facades/System.Console.dll"
-r:"/home/hatch/workspace/unity-setup/Unity-2022.3.62f3/Editor/Data/UnityReferenceAssemblies/unity-4.8-api/Facades/System.Data.Common.dll"
-r:"/home/hatch/workspace/unity-setup/Unity-2022.3.62f3/Editor/Data/UnityReferenceAssemblies/unity-4.8-api/Facades/System.Diagnostics.Contracts.dll"
-r:"/home/hatch/workspace/unity-setup/Unity-2022.3.62f3/Editor/Data/UnityReferenceAssemblies/unity-4.8-api/Facades/System.Diagnostics.Debug.dll"
-r:"/home/hatch/workspace/unity-setup/Unity-2022.3.62f3/Editor/Data/UnityReferenceAssemblies/unity-4.8-api/Facades/System.Diagnostics.FileVersionInfo.dll"
-r:"/home/hatch/workspace/unity-setup/Unity-2022.3.62f3/Editor/Data/UnityReferenceAssemblies/unity-4.8-api/Facades/System.Diagnostics.Process.dll"
-r:"/home/hatch/workspace/unity-setup/Unity-2022.3.62f3/Editor/Data/UnityReferenceAssemblies/unity-4.8-api/Facades/System.Diagnostics.StackTrace.dll"
-r:"/home/hatch/workspace/unity-setup/Unity-2022.3.62f3/Editor/Data/UnityReferenceAssemblies/unity-4.8-api/Facades/System.Diagnostics.TextWriterTraceListener.dll"
-r:"/home/hatch/workspace/unity-setup/Unity-2022.3.62f3/Editor/Data/UnityReferenceAssemblies/unity-4.8-api/Facades/System.Diagnostics.Tools.dll"
-r:"/home/hatch/workspace/unity-setup/Unity-2022.3.62f3/Editor/Data/UnityReferenceAssemblies/unity-4.8-api/Facades/System.Diagnostics.TraceSource.dll"
-r:"/home/hatch/workspace/unity-setup/Unity-2022.3.62f3/Editor/Data/UnityReferenceAssemblies/unity-4.8-api/Facades/System.Drawing.Primitives.dll"
-r:"/home/hatch/workspace/unity-setup/Unity-2022.3.62f3/Editor/Data/UnityReferenceAssemblies/unity-4.8-api/Facades/System.Dynamic.Runtime.dll"
-r:"/home/hatch/workspace/unity-setup/Unity-2022.3.62f3/Editor/Data/UnityReferenceAssemblies/unity-4.8-api/Facades/System.Globalization.Calendars.dll"
-r:"/home/hatch/workspace/unity-setup/Unity-2022.3.62f3/Editor/Data/UnityReferenceAssemblies/unity-4.8-api/Facades/System.Globalization.Extensions.dll"
-r:"/home/hatch/workspace/unity-setup/Unity-2022.3.62f3/Editor/Data/UnityReferenceAssemblies/unity-4.8-api/Facades/System.Globalization.dll"
-r:"/home/hatch/workspace/unity-setup/Unity-2022.3.62f3/Editor/Data/UnityReferenceAssemblies/unity-4.8-api/Facades/System.IO.Compression.ZipFile.dll"
-r:"/home/hatch/workspace/unity-setup/Unity-2022.3.62f3/Editor/Data/UnityReferenceAssemblies/unity-4.8-api/Facades/System.IO.FileSystem.DriveInfo.dll"
-r:"/home/hatch/workspace/unity-setup/Unity-2022.3.62f3/Editor/Data/UnityReferenceAssemblies/unity-4.8-api/Facades/System.IO.FileSystem.Primitives.dll"
-r:"/home/hatch/workspace/unity-setup/Unity-2022.3.62f3/Editor/Data/UnityReferenceAssemblies/unity-4.8-api/Facades/System.IO.FileSystem.Watcher.dll"
-r:"/home/hatch/workspace/unity-setup/Unity-2022.3.62f3/Editor/Data/UnityReferenceAssemblies/unity-4.8-api/Facades/System.IO.FileSystem.dll"
-r:"/home/hatch/workspace/unity-setup/Unity-2022.3.62f3/Editor/Data/UnityReferenceAssemblies/unity-4.8-api/Facades/System.IO.IsolatedStorage.dll"
-r:"/home/hatch/workspace/unity-setup/Unity-2022.3.62f3/Editor/Data/UnityReferenceAssemblies/unity-4.8-api/Facades/System.IO.MemoryMappedFiles.dll"
-r:"/home/hatch/workspace/unity-setup/Unity-2022.3.62f3/Editor/Data/UnityReferenceAssemblies/unity-4.8-api/Facades/System.IO.Pipes.dll"
-r:"/home/hatch/workspace/unity-setup/Unity-2022.3.62f3/Editor/Data/UnityReferenceAssemblies/unity-4.8-api/Facades/System.IO.UnmanagedMemoryStream.dll"
-r:"/home/hatch/workspace/unity-setup/Unity-2022.3.62f3/Editor/Data/UnityReferenceAssemblies/unity-4.8-api/Facades/System.IO.dll"
-r:"/home/hatch/workspace/unity-setup/Unity-2022.3.62f3/Editor/Data/UnityReferenceAssemblies/unity-4.8-api/Facades/System.Linq.Expressions.dll"
-r:"/home/hatch/workspace/unity-setup/Unity-2022.3.62f3/Editor/Data/UnityReferenceAssemblies/unity-4.8-api/Facades/System.Linq.Parallel.dll"
-r:"/home/hatch/workspace/unity-setup/Unity-2022.3.62f3/Editor/Data/UnityReferenceAssemblies/unity-4.8-api/Facades/System.Linq.Queryable.dll"
-r:"/home/hatch/workspace/unity-setup/Unity-2022.3.62f3/Editor/Data/UnityReferenceAssemblies/unity-4.8-api/Facades/System.Linq.dll"
-r:"/home/hatch/workspace/unity-setup/Unity-2022.3.62f3/Editor/Data/UnityReferenceAssemblies/unity-4.8-api/Facades/System.Memory.dll"
-r:"/home/hatch/workspace/unity-setup/Unity-2022.3.62f3/Editor/Data/UnityReferenceAssemblies/unity-4.8-api/Facades/System.Net.Http.Rtc.dll"
-r:"/home/hatch/workspace/unity-setup/Unity-2022.3.62f3/Editor/Data/UnityReferenceAssemblies/unity-4.8-api/Facades/System.Net.NameResolution.dll"
-r:"/home/hatch/workspace/unity-setup/Unity-2022.3.62f3/Editor/Data/UnityReferenceAssemblies/unity-4.8-api/Facades/System.Net.NetworkInformation.dll"
-r:"/home/hatch/workspace/unity-setup/Unity-2022.3.62f3/Editor/Data/UnityReferenceAssemblies/unity-4.8-api/Facades/System.Net.Ping.dll"
-r:"/home/hatch/workspace/unity-setup/Unity-2022.3.62f3/Editor/Data/UnityReferenceAssemblies/unity-4.8-api/Facades/System.Net.Primitives.dll"
-r:"/home/hatch/workspace/unity-setup/Unity-2022.3.62f3/Editor/Data/UnityReferenceAssemblies/unity-4.8-api/Facades/System.Net.Requests.dll"
-r:"/home/hatch/workspace/unity-setup/Unity-2022.3.62f3/Editor/Data/UnityReferenceAssemblies/unity-4.8-api/Facades/System.Net.Security.dll"
-r:"/home/hatch/workspace/unity-setup/Unity-2022.3.62f3/Editor/Data/UnityReferenceAssemblies/unity-4.8-api/Facades/System.Net.Sockets.dll"
-r:"/home/hatch/workspace/unity-setup/Unity-2022.3.62f3/Editor/Data/UnityReferenceAssemblies/unity-4.8-api/Facades/System.Net.WebHeaderCollection.dll"
-r:"/home/hatch/workspace/unity-setup/Unity-2022.3.62f3/Editor/Data/UnityReferenceAssemblies/unity-4.8-api/Facades/System.Net.WebSockets.Client.dll"
-r:"/home/hatch/workspace/unity-setup/Unity-2022.3.62f3/Editor/Data/UnityReferenceAssemblies/unity-4.8-api/Facades/System.Net.WebSockets.dll"
-r:"/home/hatch/workspace/unity-setup/Unity-2022.3.62f3/Editor/Data/UnityReferenceAssemblies/unity-4.8-api/Facades/System.ObjectModel.dll"
-r:"/home/hatch/workspace/unity-setup/Unity-2022.3.62f3/Editor/Data/UnityReferenceAssemblies/unity-4.8-api/Facades/System.Reflection.DispatchProxy.dll"
-r:"/home/hatch/workspace/unity-setup/Unity-2022.3.62f3/Editor/Data/UnityReferenceAssemblies/unity-4.8-api/Facades/System.Reflection.Emit.ILGeneration.dll"
-r:"/home/hatch/workspace/unity-setup/Unity-2022.3.62f3/Editor/Data/UnityReferenceAssemblies/unity-4.8-api/Facades/System.Reflection.Emit.Lightweight.dll"
-r:"/home/hatch/workspace/unity-setup/Unity-2022.3.62f3/Editor/Data/UnityReferenceAssemblies/unity-4.8-api/Facades/System.Reflection.Emit.dll"
-r:"/home/hatch/workspace/unity-setup/Unity-2022.3.62f3/Editor/Data/UnityReferenceAssemblies/unity-4.8-api/Facades/System.Reflection.Extensions.dll"
-r:"/home/hatch/workspace/unity-setup/Unity-2022.3.62f3/Editor/Data/UnityReferenceAssemblies/unity-4.8-api/Facades/System.Reflection.Primitives.dll"
-r:"/home/hatch/workspace/unity-setup/Unity-2022.3.62f3/Editor/Data/UnityReferenceAssemblies/unity-4.8-api/Facades/System.Reflection.dll"
-r:"/home/hatch/workspace/unity-setup/Unity-2022.3.62f3/Editor/Data/UnityReferenceAssemblies/unity-4.8-api/Facades/System.Resources.Reader.dll"
-r:"/home/hatch/workspace/unity-setup/Unity-2022.3.62f3/Editor/Data/UnityReferenceAssemblies/unity-4.8-api/Facades/System.Resources.ResourceManager.dll"
-r:"/home/hatch/workspace/unity-setup/Unity-2022.3.62f3/Editor/Data/UnityReferenceAssemblies/unity-4.8-api/Facades/System.Resources.Writer.dll"
-r:"/home/hatch/workspace/unity-setup/Unity-2022.3.62f3/Editor/Data/UnityReferenceAssemblies/unity-4.8-api/Facades/System.Runtime.CompilerServices.VisualC.dll"
-r:"/home/hatch/workspace/unity-setup/Unity-2022.3.62f3/Editor/Data/UnityReferenceAssemblies/unity-4.8-api/Facades/System.Runtime.Extensions.dll"
-r:"/home/hatch/workspace/unity-setup/Unity-2022.3.62f3/Editor/Data/UnityReferenceAssemblies/unity-4.8-api/Facades/System.Runtime.Handles.dll"
-r:"/home/hatch/workspace/unity-setup/Unity-2022.3.62f3/Editor/Data/UnityReferenceAssemblies/unity-4.8-api/Facades/System.Runtime.InteropServices.RuntimeInformation.dll"
-r:"/home/hatch/workspace/unity-setup/Unity-2022.3.62f3/Editor/Data/UnityReferenceAssemblies/unity-4.8-api/Facades/System.Runtime.InteropServices.WindowsRuntime.dll"
-r:"/home/hatch/workspace/unity-setup/Unity-2022.3.62f3/Editor/Data/UnityReferenceAssemblies/unity-4.8-api/Facades/System.Runtime.InteropServices.dll"
-r:"/home/hatch/workspace/unity-setup/Unity-2022.3.62f3/Editor/Data/UnityReferenceAssemblies/unity-4.8-api/Facades/System.Runtime.Numerics.dll"
-r:"/home/hatch/workspace/unity-setup/Unity-2022.3.62f3/Editor/Data/UnityReferenceAssemblies/unity-4.8-api/Facades/System.Runtime.Serialization.Formatters.dll"
-r:"/home/hatch/workspace/unity-setup/Unity-2022.3.62f3/Editor/Data/UnityReferenceAssemblies/unity-4.8-api/Facades/System.Runtime.Serialization.Json.dll"
-r:"/home/hatch/workspace/unity-setup/Unity-2022.3.62f3/Editor/Data/UnityReferenceAssemblies/unity-4.8-api/Facades/System.Runtime.Serialization.Primitives.dll"
-r:"/home/hatch/workspace/unity-setup/Unity-2022.3.62f3/Editor/Data/UnityReferenceAssemblies/unity-4.8-api/Facades/System.Runtime.Serialization.Xml.dll"
-r:"/home/hatch/workspace/unity-setup/Unity-2022.3.62f3/Editor/Data/UnityReferenceAssemblies/unity-4.8-api/Facades/System.Runtime.dll"
-r:"/home/hatch/workspace/unity-setup/Unity-2022.3.62f3/Editor/Data/UnityReferenceAssemblies/unity-4.8-api/Facades/System.Security.Claims.dll"
-r:"/home/hatch/workspace/unity-setup/Unity-2022.3.62f3/Editor/Data/UnityReferenceAssemblies/unity-4.8-api/Facades/System.Security.Cryptography.Algorithms.dll"
-r:"/home/hatch/workspace/unity-setup/Unity-2022.3.62f3/Editor/Data/UnityReferenceAssemblies/unity-4.8-api/Facades/System.Security.Cryptography.Csp.dll"
-r:"/home/hatch/workspace/unity-setup/Unity-2022.3.62f3/Editor/Data/UnityReferenceAssemblies/unity-4.8-api/Facades/System.Security.Cryptography.Encoding.dll"
-r:"/home/hatch/workspace/unity-setup/Unity-2022.3.62f3/Editor/Data/UnityReferenceAssemblies/unity-4.8-api/Facades/System.Security.Cryptography.Primitives.dll"
-r:"/home/hatch/workspace/unity-setup/Unity-2022.3.62f3/Editor/Data/UnityReferenceAssemblies/unity-4.8-api/Facades/System.Security.Cryptography.X509Certificates.dll"
-r:"/home/hatch/workspace/unity-setup/Unity-2022.3.62f3/Editor/Data/UnityReferenceAssemblies/unity-4.8-api/Facades/System.Security.Principal.dll"
-r:"/home/hatch/workspace/unity-setup/Unity-2022.3.62f3/Editor/Data/UnityReferenceAssemblies/unity-4.8-api/Facades/System.Security.SecureString.dll"
-r:"/home/hatch/workspace/unity-setup/Unity-2022.3.62f3/Editor/Data/UnityReferenceAssemblies/unity-4.8-api/Facades/System.ServiceModel.Duplex.dll"
-r:"/home/hatch/workspace/unity-setup/Unity-2022.3.62f3/Editor/Data/UnityReferenceAssemblies/unity-4.8-api/Facades/System.ServiceModel.Http.dll"
-r:"/home/hatch/workspace/unity-setup/Unity-2022.3.62f3/Editor/Data/UnityReferenceAssemblies/unity-4.8-api/Facades/System.ServiceModel.NetTcp.dll"
-r:"/home/hatch/workspace/unity-setup/Unity-2022.3.62f3/Editor/Data/UnityReferenceAssemblies/unity-4.8-api/Facades/System.ServiceModel.Primitives.dll"
-r:"/home/hatch/workspace/unity-setup/Unity-2022.3.62f3/Editor/Data/UnityReferenceAssemblies/unity-4.8-api/Facades/System.ServiceModel.Security.dll"
-r:"/home/hatch/workspace/unity-setup/Unity-2022.3.62f3/Editor/Data/UnityReferenceAssemblies/unity-4.8-api/Facades/System.Text.Encoding.Extensions.dll"
-r:"/home/hatch/workspace/unity-setup/Unity-2022.3.62f3/Editor/Data/UnityReferenceAssemblies/unity-4.8-api/Facades/System.Text.Encoding.dll"
-r:"/home/hatch/workspace/unity-setup/Unity-2022.3.62f3/Editor/Data/UnityReferenceAssemblies/unity-4.8-api/Facades/System.Text.RegularExpressions.dll"
-r:"/home/hatch/workspace/unity-setup/Unity-2022.3.62f3/Editor/Data/UnityReferenceAssemblies/unity-4.8-api/Facades/System.Threading.Overlapped.dll"
-r:"/home/hatch/workspace/unity-setup/Unity-2022.3.62f3/Editor/Data/UnityReferenceAssemblies/unity-4.8-api/Facades/System.Threading.Tasks.Extensions.dll"
-r:"/home/hatch/workspace/unity-setup/Unity-2022.3.62f3/Editor/Data/UnityReferenceAssemblies/unity-4.8-api/Facades/System.Threading.Tasks.Parallel.dll"
-r:"/home/hatch/workspace/unity-setup/Unity-2022.3.62f3/Editor/Data/UnityReferenceAssemblies/unity-4.8-api/Facades/System.Threading.Tasks.dll"
-r:"/home/hatch/workspace/unity-setup/Unity-2022.3.62f3/Editor/Data/UnityReferenceAssemblies/unity-4.8-api/Facades/System.Threading.Thread.dll"
-r:"/home/hatch/workspace/unity-setup/Unity-2022.3.62f3/Editor/Data/UnityReferenceAssemblies/unity-4.8-api/Facades/System.Threading.ThreadPool.dll"
-r:"/home/hatch/workspace/unity-setup/Unity-2022.3.62f3/Editor/Data/UnityReferenceAssemblies/unity-4.8-api/Facades/System.Threading.Timer.dll"
-r:"/home/hatch/workspace/unity-setup/Unity-2022.3.62f3/Editor/Data/UnityReferenceAssemblies/unity-4.8-api/Facades/System.Threading.dll"
-r:"/home/hatch/workspace/unity-setup/Unity-2022.3.62f3/Editor/Data/UnityReferenceAssemblies/unity-4.8-api/Facades/System.ValueTuple.dll"
-r:"/home/hatch/workspace/unity-setup/Unity-2022.3.62f3/Editor/Data/UnityReferenceAssemblies/unity-4.8-api/Facades/System.Xml.ReaderWriter.dll"
-r:"/home/hatch/workspace/unity-setup/Unity-2022.3.62f3/Editor/Data/UnityReferenceAssemblies/unity-4.8-api/Facades/System.Xml.XDocument.dll"
-r:"/home/hatch/workspace/unity-setup/Unity-2022.3.62f3/Editor/Data/UnityReferenceAssemblies/unity-4.8-api/Facades/System.Xml.XPath.XDocument.dll"
-r:"/home/hatch/workspace/unity-setup/Unity-2022.3.62f3/Editor/Data/UnityReferenceAssemblies/unity-4.8-api/Facades/System.Xml.XPath.dll"
-r:"/home/hatch/workspace/unity-setup/Unity-2022.3.62f3/Editor/Data/UnityReferenceAssemblies/unity-4.8-api/Facades/System.Xml.XmlDocument.dll"
-r:"/home/hatch/workspace/unity-setup/Unity-2022.3.62f3/Editor/Data/UnityReferenceAssemblies/unity-4.8-api/Facades/System.Xml.XmlSerializer.dll"
-r:"/home/hatch/workspace/unity-setup/Unity-2022.3.62f3/Editor/Data/UnityReferenceAssemblies/unity-4.8-api/Facades/netstandard.dll"
-r:"/home/hatch/workspace/unity-setup/Unity-2022.3.62f3/Editor/Data/UnityReferenceAssemblies/unity-4.8-api/Microsoft.CSharp.dll"
-r:"/home/hatch/workspace/unity-setup/Unity-2022.3.62f3/Editor/Data/UnityReferenceAssemblies/unity-4.8-api/System.ComponentModel.Composition.dll"
-r:"/home/hatch/workspace/unity-setup/Unity-2022.3.62f3/Editor/Data/UnityReferenceAssemblies/unity-4.8-api/System.Core.dll"
-r:"/home/hatch/workspace/unity-setup/Unity-2022.3.62f3/Editor/Data/UnityReferenceAssemblies/unity-4.8-api/System.Data.DataSetExtensions.dll"
-r:"/home/hatch/workspace/unity-setup/Unity-2022.3.62f3/Editor/Data/UnityReferenceAssemblies/unity-4.8-api/System.Data.dll"
-r:"/home/hatch/workspace/unity-setup/Unity-2022.3.62f3/Editor/Data/UnityReferenceAssemblies/unity-4.8-api/System.Drawing.dll"
-r:"/home/hatch/workspace/unity-setup/Unity-2022.3.62f3/Editor/Data/UnityReferenceAssemblies/unity-4.8-api/System.IO.Compression.FileSystem.dll"
-r:"/home/hatch/workspace/unity-setup/Unity-2022.3.62f3/Editor/Data/UnityReferenceAssemblies/unity-4.8-api/System.IO.Compression.dll"
-r:"/home/hatch/workspace/unity-setup/Unity-2022.3.62f3/Editor/Data/UnityReferenceAssemblies/unity-4.8-api/System.Net.Http.dll"
-r:"/home/hatch/workspace/unity-setup/Unity-2022.3.62f3/Editor/Data/UnityReferenceAssemblies/unity-4.8-api/System.Numerics.Vectors.dll"
-r:"/home/hatch/workspace/unity-setup/Unity-2022.3.62f3/Editor/Data/UnityReferenceAssemblies/unity-4.8-api/System.Numerics.dll"
-r:"/home/hatch/workspace/unity-setup/Unity-2022.3.62f3/Editor/Data/UnityReferenceAssemblies/unity-4.8-api/System.Runtime.Serialization.dll"
-r:"/home/hatch/workspace/unity-setup/Unity-2022.3.62f3/Editor/Data/UnityReferenceAssemblies/unity-4.8-api/System.Transactions.dll"
-r:"/home/hatch/workspace/unity-setup/Unity-2022.3.62f3/Editor/Data/UnityReferenceAssemblies/unity-4.8-api/System.Xml.Linq.dll"
-r:"/home/hatch/workspace/unity-setup/Unity-2022.3.62f3/Editor/Data/UnityReferenceAssemblies/unity-4.8-api/System.Xml.dll"
-r:"/home/hatch/workspace/unity-setup/Unity-2022.3.62f3/Editor/Data/UnityReferenceAssemblies/unity-4.8-api/System.dll"
-r:"/home/hatch/workspace/unity-setup/Unity-2022.3.62f3/Editor/Data/UnityReferenceAssemblies/unity-4.8-api/mscorlib.dll"
-r:"Library/PackageCache/com.unity.analytics@3.8.1/AnalyticsStandardEvents/Unity.Analytics.StandardEvents.dll"
-r:"Library/PackageCache/com.unity.analytics@3.8.1/Unity.Analytics.Editor.dll"
-r:"Library/PackageCache/com.unity.analytics@3.8.1/Unity.Analytics.Tracker.dll"
-r:"Library/PackageCache/com.unity.collab-proxy@2.7.1/Lib/Editor/Unity.Plastic.Antlr3.Runtime.dll"
-r:"Library/PackageCache/com.unity.collab-proxy@2.7.1/Lib/Editor/Unity.Plastic.Newtonsoft.Json.dll"
-r:"Library/PackageCache/com.unity.collab-proxy@2.7.1/Lib/Editor/log4netPlastic.dll"
-r:"Library/PackageCache/com.unity.collab-proxy@2.7.1/Lib/Editor/unityplastic.dll"
-r:"Library/PackageCache/com.unity.ext.nunit@1.0.6/net35/unity-custom/nunit.framework.dll"
-r:"Library/PackageCache/com.unity.nuget.newtonsoft-json@3.2.1/Runtime/Newtonsoft.Json.dll"
-r:"Library/Bee/artifacts/2000b0aE.dag/Analytics.ref.dll"
-r:"Library/Bee/artifacts/2000b0aE.dag/Assembly-CSharp.ref.dll"
-r:"Library/Bee/artifacts/2000b0aE.dag/PPv2URPConverters.ref.dll"
-r:"Library/Bee/artifacts/2000b0aE.dag/Purchasing.Common.ref.dll"
-r:"Library/Bee/artifacts/2000b0aE.dag/Unity.2D.Sprite.Editor.ref.dll"
-r:"Library/Bee/artifacts/2000b0aE.dag/Unity.2D.Tilemap.Editor.ref.dll"
-r:"Library/Bee/artifacts/2000b0aE.dag/Unity.AI.Navigation.Editor.ConversionSystem.ref.dll"
-r:"Library/Bee/artifacts/2000b0aE.dag/Unity.AI.Navigation.Editor.ref.dll"
-r:"Library/Bee/artifacts/2000b0aE.dag/Unity.AI.Navigation.Updater.ref.dll"
-r:"Library/Bee/artifacts/2000b0aE.dag/Unity.AI.Navigation.ref.dll"
-r:"Library/Bee/artifacts/2000b0aE.dag/Unity.Analytics.DataPrivacy.ref.dll"
-r:"Library/Bee/artifacts/2000b0aE.dag/Unity.Burst.Editor.ref.dll"
-r:"Library/Bee/artifacts/2000b0aE.dag/Unity.Burst.ref.dll"
-r:"Library/Bee/artifacts/2000b0aE.dag/Unity.InputSystem.ForUI.ref.dll"
-r:"Library/Bee/artifacts/2000b0aE.dag/Unity.InputSystem.ref.dll"
-r:"Library/Bee/artifacts/2000b0aE.dag/Unity.Mathematics.Editor.ref.dll"
-r:"Library/Bee/artifacts/2000b0aE.dag/Unity.Mathematics.ref.dll"
-r:"Library/Bee/artifacts/2000b0aE.dag/Unity.PlasticSCM.Editor.ref.dll"
-r:"Library/Bee/artifacts/2000b0aE.dag/Unity.RenderPipeline.Universal.ShaderLibrary.ref.dll"
-r:"Library/Bee/artifacts/2000b0aE.dag/Unity.RenderPipelines.Core.Editor.ref.dll"
-r:"Library/Bee/artifacts/2000b0aE.dag/Unity.RenderPipelines.Core.Runtime.ref.dll"
-r:"Library/Bee/artifacts/2000b0aE.dag/Unity.RenderPipelines.Core.ShaderLibrary.ref.dll"
-r:"Library/Bee/artifacts/2000b0aE.dag/Unity.RenderPipelines.ShaderGraph.ShaderGraphLibrary.ref.dll"
-r:"Library/Bee/artifacts/2000b0aE.dag/Unity.RenderPipelines.Universal.2D.Internal.ref.dll"
-r:"Library/Bee/artifacts/2000b0aE.dag/Unity.RenderPipelines.Universal.Config.Runtime.ref.dll"
-r:"Library/Bee/artifacts/2000b0aE.dag/Unity.RenderPipelines.Universal.Editor.ref.dll"
-r:"Library/Bee/artifacts/2000b0aE.dag/Unity.RenderPipelines.Universal.Runtime.ref.dll"
-r:"Library/Bee/artifacts/2000b0aE.dag/Unity.RenderPipelines.Universal.Shaders.ref.dll"
-r:"Library/Bee/artifacts/2000b0aE.dag/Unity.Rider.Editor.ref.dll"
-r:"Library/Bee/artifacts/2000b0aE.dag/Unity.Searcher.Editor.ref.dll"
-r:"Library/Bee/artifacts/2000b0aE.dag/Unity.Services.Analytics.ref.dll"
-r:"Library/Bee/artifacts/2000b0aE.dag/Unity.Services.Core.Analytics.ref.dll"
-r:"Library/Bee/artifacts/2000b0aE.dag/Unity.Services.Core.Components.ref.dll"
-r:"Library/Bee/artifacts/2000b0aE.dag/Unity.Services.Core.Environments.ref.dll"
-r:"Library/Bee/artifacts/2000b0aE.dag/Unity.Services.Core.ref.dll"
-r:"Library/Bee/artifacts/2000b0aE.dag/Unity.ShaderGraph.Editor.ref.dll"
-r:"Library/Bee/artifacts/2000b0aE.dag/Unity.TextMeshPro.Editor.ref.dll"
-r:"Library/Bee/artifacts/2000b0aE.dag/Unity.TextMeshPro.ref.dll"
-r:"Library/Bee/artifacts/2000b0aE.dag/Unity.Timeline.Editor.ref.dll"
-r:"Library/Bee/artifacts/2000b0aE.dag/Unity.Timeline.ref.dll"
-r:"Library/Bee/artifacts/2000b0aE.dag/Unity.VSCode.Editor.ref.dll"
-r:"Library/Bee/artifacts/2000b0aE.dag/Unity.VisualStudio.Editor.ref.dll"
-r:"Library/Bee/artifacts/2000b0aE.dag/UnityEditor.Purchasing.ref.dll"
-r:"Library/Bee/artifacts/2000b0aE.dag/UnityEditor.SpatialTracking.ref.dll"
-r:"Library/Bee/artifacts/2000b0aE.dag/UnityEditor.TestRunner.ref.dll"
-r:"Library/Bee/artifacts/2000b0aE.dag/UnityEditor.UI.ref.dll"
-r:"Library/Bee/artifacts/2000b0aE.dag/UnityEditor.XR.LegacyInputHelpers.ref.dll"
-r:"Library/Bee/artifacts/2000b0aE.dag/UnityEngine.Advertisements.Editor.ref.dll"
-r:"Library/Bee/artifacts/2000b0aE.dag/UnityEngine.Advertisements.ref.dll"
-r:"Library/Bee/artifacts/2000b0aE.dag/UnityEngine.Purchasing.Codeless.ref.dll"
-r:"Library/Bee/artifacts/2000b0aE.dag/UnityEngine.Purchasing.SecurityCore.ref.dll"
-r:"Library/Bee/artifacts/2000b0aE.dag/UnityEngine.Purchasing.SecurityStub.ref.dll"
-r:"Library/Bee/artifacts/2000b0aE.dag/UnityEngine.Purchasing.Stores.ref.dll"
-r:"Library/Bee/artifacts/2000b0aE.dag/UnityEngine.Purchasing.ref.dll"
-r:"Library/Bee/artifacts/2000b0aE.dag/UnityEngine.SpatialTracking.ref.dll"
-r:"Library/Bee/artifacts/2000b0aE.dag/UnityEngine.TestRunner.ref.dll"
-r:"Library/Bee/artifacts/2000b0aE.dag/UnityEngine.UI.ref.dll"
-r:"Library/Bee/artifacts/2000b0aE.dag/UnityEngine.XR.LegacyInputHelpers.ref.dll"
-analyzer:"/home/hatch/workspace/unity-setup/Unity-2022.3.62f3/Editor/Data/Tools/Unity.SourceGenerators/Unity.Properties.SourceGenerator.dll"
-analyzer:"/home/hatch/workspace/unity-setup/Unity-2022.3.62f3/Editor/Data/Tools/Unity.SourceGenerators/Unity.SourceGenerators.dll"
"Assets/Editor/BuildSocialClub.cs"
"Assets/Editor/BuildTestArena.cs"
-langversion:9.0
/deterministic
/optimize+
/debug:portable
/nologo
/RuntimeMetadataVersion:v4.0.30319
/nowarn:0169
/nowarn:0649
/nowarn:0282
/nowarn:1701
/nowarn:1702
/utf8output
/preferreduilang:en-US
/additionalfile:"Library/Bee/artifacts/2000b0aE.dag/Assembly-CSharp-Editor.UnityAdditionalFile.txt"
##### Custom Environment Variables
DOTNET_MULTILEVEL_LOOKUP=0
##### ExitCode
1
##### Output
Assets/Editor/BuildSocialClub.cs(11,16): error CS0234: The type or namespace name 'UI' does not exist in the namespace 'CODClone' (are you missing an assembly reference?)
*** Tundra build failed (10.84 seconds), 6 items updated, 914 evaluated
## Script Compilation Error for: Csc Library/Bee/artifacts/2000b0aE.dag/Assembly-CSharp-Editor.dll (+2 others)
## CmdLine: "/home/hatch/workspace/unity-setup/Unity-2022.3.62f3/Editor/Data/NetCoreRuntime/dotnet" exec "/home/hatch/workspace/unity-setup/Unity-2022.3.62f3/Editor/Data/DotNetSdkRoslyn/csc.dll" /nostdlib /noconfig /shared "@Library/Bee/artifacts/2000b0aE.dag/Assembly-CSharp-Editor.rsp" "@Library/Bee/artifacts/2000b0aE.dag/Assembly-CSharp-Editor.rsp2"
## Output:
Assets/Editor/BuildSocialClub.cs(11,16): error CS0234: The type or namespace name 'UI' does not exist in the namespace 'CODClone' (are you missing an assembly reference?)

Total cache size 84474764
Total cache size after purge 84474764
Assets/_Project/Scripts/Interaction/InteractableNPC.cs(17,41): warning CS0414: The field 'InteractableNPC.repeatLine' is assigned but its value is never used
Assets/Editor/BuildSocialClub.cs(11,16): error CS0234: The type or namespace name 'UI' does not exist in the namespace 'CODClone' (are you missing an assembly reference?)
AssetDatabase: script compilation time: 13.092903s
Scripts have compiler errors.
[40m[32minfo[39m[22m[49m: Microsoft.Hosting.Lifetime[0]
      Application is shutting down...
[40m[32minfo[39m[22m[49m: Unity.ILPP.Runner.PostProcessingAssemblyLoadContext[0]
      ALC ILPP context 1 is unloading
